Hashes and Chunks count within limit: $hash_count hashes, $chunk_count chunks